

Session started
 at: 06/12/2012 13:52

Session started
 at: 06/12/2012 13:52

Session continued
 at: 06/12/2012 13:52

Session started
 at: 06/12/2012 13:52

Session continued
 at: 06/12/2012 13:52

Session continued
 at: 06/12/2012 13:52

Session continued
 at: 06/12/2012 13:52

Session continued
 at: 06/12/2012 13:52

Session continued
 at: 06/12/2012 13:52
    Starting processing of I:\VisTrails\VisTrails_SAHM_x32\vistrails\examples\SAHM_example\CovariateLayers\PRISM_bio_06_1971_2000_800m.img
    Starting processing of I:\VisTrails\VisTrails_SAHM_x32\vistrails\examples\SAHM_example\CovariateLayers\NDVI_seasonlengths1_Average.tif
    Starting processing of I:\VisTrails\VisTrails_SAHM_x32\vistrails\examples\SAHM_example\CovariateLayers\PRISM_bio_17_1971_2000_800m.img
    Starting processing of I:\VisTrails\VisTrails_SAHM_x32\vistrails\examples\SAHM_example\CovariateLayers\PRISM_bio_18_1971_2000_800m.img
    Starting processing of I:\VisTrails\VisTrails_SAHM_x32\vistrails\examples\SAHM_example\CovariateLayers\PRISM_bio_03_1971_2000_800m.img
    Starting processing of I:\VisTrails\VisTrails_SAHM_x32\vistrails\examples\SAHM_example\AdditionalLayers\romoveg
  ratio of source cell size to template cell size = 0.32869360654    template cell size = 0.00833333333    NDVI_seasonlengths1_Average cell size = 0.00273911338674
    Starting processing of I:\VisTrails\VisTrails_SAHM_x32\vistrails\examples\SAHM_example\CovariateLayers\PRISM_bio_07_1971_2000_800m.img
  cell ratio <= .5: reprojecting and resampling to template parameters    then aggregating the reprojected raster to match template parameters
    Starting processing of I:\VisTrails\VisTrails_SAHM_x32\vistrails\examples\SAHM_example\CovariateLayers\PRISM_bio_05_1971_2000_800m.img
    Starting processing of I:\VisTrails\VisTrails_SAHM_x32\vistrails\examples\SAHM_example\CovariateLayers\PRISM_bio_15_1971_2000_800m.img
    Starting processing of I:\VisTrails\VisTrails_SAHM_x32\vistrails\examples\SAHM_example\CovariateLayers\NDVI_annualMeanValue_Average.tif
    Starting intermediate reprojection of: NDVI_seasonlengths1_Average
  ratio of source cell size to template cell size = 0.0425759798327    template cell size = 0.00833333333    romoveg cell size = 0.000354799831797
  cell ratio <= .5: reprojecting and resampling to template parameters    then aggregating the reprojected raster to match template parameters
  ratio of source cell size to template cell size = 0.999999310004    template cell size = 0.00833333333    PRISM_bio_06_1971_2000_800m cell size = 0.00833332758003
  cell ratio > .5: reprojecting and resampling to template parameters only
    Starting intermediate reprojection of: romoveg
    Starting intermediate reprojection of: PRISM_bio_06_1971_2000_800m
    Finished reprojection PRISM_bio_06_1971_2000_800m
  ratio of source cell size to template cell size = 0.32869360654    template cell size = 0.00833333333    NDVI_amplitudes1_Average cell size = 0.00273911338674
  ratio of source cell size to template cell size = 0.32869360654    template cell size = 0.00833333333    NDVI_annualMeanValue_Average cell size = 0.00273911338674
  cell ratio <= .5: reprojecting and resampling to template parameters    then aggregating the reprojected raster to match template parameters
  cell ratio <= .5: reprojecting and resampling to template parameters    then aggregating the reprojected raster to match template parameters
  ratio of source cell size to template cell size = 0.999999310004    template cell size = 0.00833333333    PRISM_bio_17_1971_2000_800m cell size = 0.00833332758003
    Starting intermediate reprojection of: NDVI_amplitudes1_Average
  cell ratio > .5: reprojecting and resampling to template parameters only
    Starting intermediate reprojection of: NDVI_annualMeanValue_Average
  ratio of source cell size to template cell size = 0.999999310004    template cell size = 0.00833333333    PRISM_bio_18_1971_2000_800m cell size = 0.00833332758003
  cell ratio > .5: reprojecting and resampling to template parameters only
    Starting intermediate reprojection of: PRISM_bio_17_1971_2000_800m
  ratio of source cell size to template cell size = 0.999999310004    template cell size = 0.00833333333    PRISM_bio_03_1971_2000_800m cell size = 0.00833332758003
    Starting intermediate reprojection of: PRISM_bio_18_1971_2000_800m
  cell ratio > .5: reprojecting and resampling to template parameters only
    Starting intermediate reprojection of: PRISM_bio_03_1971_2000_800m
  ratio of source cell size to template cell size = 0.999999310004    template cell size = 0.00833333333    PRISM_bio_07_1971_2000_800m cell size = 0.00833332758003
  ratio of source cell size to template cell size = 0.999999310004    template cell size = 0.00833333333    PRISM_bio_15_1971_2000_800m cell size = 0.00833332758003
  cell ratio > .5: reprojecting and resampling to template parameters only
  cell ratio > .5: reprojecting and resampling to template parameters only
    Finished reprojection PRISM_bio_17_1971_2000_800m
    Starting intermediate reprojection of: PRISM_bio_07_1971_2000_800m
    Starting intermediate reprojection of: PRISM_bio_05_1971_2000_800m
    Starting intermediate reprojection of: PRISM_bio_15_1971_2000_800m
    Finished reprojection PRISM_bio_03_1971_2000_800m
    Finished reprojection PRISM_bio_18_1971_2000_800m
    Finished reprojection PRISM_bio_05_1971_2000_800m
    Finished reprojection PRISM_bio_07_1971_2000_800m
    Finished reprojection PRISM_bio_15_1971_2000_800m
    Finished reprojection NDVI_seasonlengths1_Average
   Starting on Aggregating: NDVI_seasonlengths1_Average
    Finished reprojection NDVI_annualMeanValue_Average
    Finished reprojection NDVI_amplitudes1_Average
   Starting on Aggregating: NDVI_annualMeanValue_Average
   Starting on Aggregating: NDVI_amplitudes1_Average
   Finished Aggregating: NDVI_seasonlengths1_Average
   Finished Aggregating: NDVI_annualMeanValue_Average
   Finished Aggregating: NDVI_amplitudes1_Average
    Finished reprojection romoveg
   Starting on Aggregating: romoveg
   Finished Aggregating: romoveg