

Session started
 at: 06/12/2012 09:50
*******************************************************************************
*******************************************************************************
 output directory:   I:\VisTrails\VisTrails_SAHM_x32_debug\VisTrails\vistrails\packages\sahm\Testing\tests\PARC_test\expectedOutputs\Test single core PARC
*******************************************************************************
*******************************************************************************
    template layer = I:/VisTrails/VisTrails_SAHM_x32_debug/VisTrails/vistrails/packages/sahm/Testing/InputData/Sahm_example/100mTemplate.tif
    output_dname=I:\VisTrails\VisTrails_SAHM_x32_debug\VisTrails\vistrails\packages\sahm\Testing\tests\PARC_test\expectedOutputs\Test single core PARC\PARC_100mTemplate
    workingCSV=I:\VisTrails\VisTrails_SAHM_x32_debug\VisTrails\vistrails\packages\sahm\Testing\tests\PARC_test\expectedOutputs\Test single core PARC\PARC_100mTemplate\tmpFilesToPARC.csv
Starting PARC at: 06/12/2012 09:50
    Arguments validated successfully at: 06/12/2012 09:50
"I:\VisTrails\VisTrails_SAHM_x32_debug\VisTrails\vistrails\Python27\python.exe" "I:\VisTrails\VisTrails_SAHM_x32_debug\VisTrails\vistrails\packages\sahm\pySAHM\singlePARC.py" -s "K:\GIS_LIBRARY\Climate\DAYMET\SourceData\AvgMonthlyMonthlyPrecip\ppt12.tif" -c "0" -d "I:\VisTrails\VisTrails_SAHM_x32_debug\VisTrails\vistrails\packages\sahm\Testing\tests\PARC_test\expectedOutputs\Test single core PARC\PARC_100mTemplate\ppt12.tif" -t "I:\VisTrails\VisTrails_SAHM_x32_debug\VisTrails\vistrails\packages\sahm\Testing\InputData\Sahm_example\100mTemplate.tif" -r Bilinear -a Mean
"I:\VisTrails\VisTrails_SAHM_x32_debug\VisTrails\vistrails\Python27\python.exe" "I:\VisTrails\VisTrails_SAHM_x32_debug\VisTrails\vistrails\packages\sahm\pySAHM\singlePARC.py" -s "K:\GIS_LIBRARY\Climate\WorldClim\BioclimaticVariables\bio_30s_esri\bio\bio_9" -c "0" -d "I:\VisTrails\VisTrails_SAHM_x32_debug\VisTrails\vistrails\packages\sahm\Testing\tests\PARC_test\expectedOutputs\Test single core PARC\PARC_100mTemplate\bio_9.tif" -t "I:\VisTrails\VisTrails_SAHM_x32_debug\VisTrails\vistrails\packages\sahm\Testing\InputData\Sahm_example\100mTemplate.tif" -r Bilinear -a Mean
"I:\VisTrails\VisTrails_SAHM_x32_debug\VisTrails\vistrails\Python27\python.exe" "I:\VisTrails\VisTrails_SAHM_x32_debug\VisTrails\vistrails\packages\sahm\pySAHM\singlePARC.py" -s "K:\GIS_LIBRARY\Climate\DAYMET\DerivedData\bio_3.tif" -c "0" -d "I:\VisTrails\VisTrails_SAHM_x32_debug\VisTrails\vistrails\packages\sahm\Testing\tests\PARC_test\expectedOutputs\Test single core PARC\PARC_100mTemplate\bio_3.tif" -t "I:\VisTrails\VisTrails_SAHM_x32_debug\VisTrails\vistrails\packages\sahm\Testing\InputData\Sahm_example\100mTemplate.tif" -r Bilinear -a Mean
"I:\VisTrails\VisTrails_SAHM_x32_debug\VisTrails\vistrails\Python27\python.exe" "I:\VisTrails\VisTrails_SAHM_x32_debug\VisTrails\vistrails\packages\sahm\pySAHM\singlePARC.py" -s "K:\GIS_LIBRARY\Climate\WorldClim\BioclimaticVariables\bio_30s_esri\bio\bio_19" -c "0" -d "I:\VisTrails\VisTrails_SAHM_x32_debug\VisTrails\vistrails\packages\sahm\Testing\tests\PARC_test\expectedOutputs\Test single core PARC\PARC_100mTemplate\bio_19.tif" -t "I:\VisTrails\VisTrails_SAHM_x32_debug\VisTrails\vistrails\packages\sahm\Testing\InputData\Sahm_example\100mTemplate.tif" -r Bilinear -a Mean
"I:\VisTrails\VisTrails_SAHM_x32_debug\VisTrails\vistrails\Python27\python.exe" "I:\VisTrails\VisTrails_SAHM_x32_debug\VisTrails\vistrails\packages\sahm\pySAHM\singlePARC.py" -s "K:\GIS_LIBRARY\Climate\WorldClim\MaxTempAvg1950-2000\tmax_30s_esri\tmax\tmax_1" -c "0" -d "I:\VisTrails\VisTrails_SAHM_x32_debug\VisTrails\vistrails\packages\sahm\Testing\tests\PARC_test\expectedOutputs\Test single core PARC\PARC_100mTemplate\tmax_1.tif" -t "I:\VisTrails\VisTrails_SAHM_x32_debug\VisTrails\vistrails\packages\sahm\Testing\InputData\Sahm_example\100mTemplate.tif" -r Bilinear -a Mean
"I:\VisTrails\VisTrails_SAHM_x32_debug\VisTrails\vistrails\Python27\python.exe" "I:\VisTrails\VisTrails_SAHM_x32_debug\VisTrails\vistrails\packages\sahm\pySAHM\singlePARC.py" -s "K:\GIS_LIBRARY\Climate\DAYMET\DerivedData\bio_1.tif" -c "0" -d "I:\VisTrails\VisTrails_SAHM_x32_debug\VisTrails\vistrails\packages\sahm\Testing\tests\PARC_test\expectedOutputs\Test single core PARC\PARC_100mTemplate\bio_1.tif" -t "I:\VisTrails\VisTrails_SAHM_x32_debug\VisTrails\vistrails\packages\sahm\Testing\InputData\Sahm_example\100mTemplate.tif" -r Bilinear -a Mean
    bio_1.tif finished successfully:  1 done out of 6 at: 06/12/2012 09:50
    ppt12.tif finished successfully:  2 done out of 6 at: 06/12/2012 09:50
    bio_3.tif finished successfully:  3 done out of 6 at: 06/12/2012 09:50
    bio_9 finished successfully:  4 done out of 6 at: 06/12/2012 09:50
    tmax_1 finished successfully:  5 done out of 6 at: 06/12/2012 09:50
    bio_19 finished successfully:  6 done out of 6 at: 06/12/2012 09:50
Finished PARC at: 06/12/2012 09:50