

Session started
 at: 06/12/2012 09:50

Session started
 at: 06/12/2012 09:50

Session started
 at: 06/12/2012 09:50
    Starting processing of K:\GIS_LIBRARY\Climate\DAYMET\DerivedData\bio_1.tif
    Starting processing of K:\GIS_LIBRARY\Climate\WorldClim\BioclimaticVariables\bio_30s_esri\bio\bio_9
    Starting processing of K:\GIS_LIBRARY\Climate\DAYMET\DerivedData\bio_3.tif
    Starting processing of K:\GIS_LIBRARY\Climate\WorldClim\BioclimaticVariables\bio_30s_esri\bio\bio_191
    Starting processing of K:\GIS_LIBRARY\Climate\DAYMET\SourceData\AvgMonthlyMonthlyPrecip\ppt12.tif
  ratio of source cell size to template cell size = 10.0040989277    template cell size = 100.0    ppt12 cell size = 1000.40989277
  cell ratio > .5: reprojecting and resampling to template parameters only
  ratio of source cell size to template cell size = 10.0040989277    template cell size = 100.0    bio_1 cell size = 1000.40989277
  ratio of source cell size to template cell size = 10.0040989277    template cell size = 100.0    bio_3 cell size = 1000.40989277
    Starting intermediate reprojection of: ppt12
  cell ratio > .5: reprojecting and resampling to template parameters only
    Starting intermediate reprojection of: bio_1
    Starting intermediate reprojection of: bio_3
  ratio of source cell size to template cell size = 7.0545177484    template cell size = 100.0    tmax_1 cell size = 705.45177484
  ratio of source cell size to template cell size = 7.0545177484    template cell size = 100.0    bio_9 cell size = 705.45177484
  cell ratio > .5: reprojecting and resampling to template parameters only
  cell ratio > .5: reprojecting and resampling to template parameters only
  ratio of source cell size to template cell size = 7.0545177484    template cell size = 100.0    bio_19 cell size = 705.45177484
  cell ratio > .5: reprojecting and resampling to template parameters only
    Starting intermediate reprojection of: bio_9
    Starting intermediate reprojection of: bio_19
    Finished reprojection bio_1
    Finished reprojection ppt12
    Finished reprojection bio_3
    Finished reprojection bio_9
    Finished reprojection tmax_1
    Finished reprojection bio_19