

Session started
 at: 06/11/2012 13:27
*******************************************************************************
*******************************************************************************
 output directory:   I:\VisTrails\VisTrails_SAHM_x32_debug\VisTrails\vistrails\packages\sahm\Testing\PARC_test\expectedOutputs\PARC_CSV_inputs
*******************************************************************************
*******************************************************************************
    template layer = I:/VisTrails/VisTrails_SAHM_x32_debug/VisTrails/vistrails/packages/sahm/Testing/InputData/Sahm_example/100mTemplate.tif
    output_dname=I:\VisTrails\VisTrails_SAHM_x32_debug\VisTrails\vistrails\packages\sahm\Testing\PARC_test\expectedOutputs\PARC_CSV_inputs\PARC_100mTemplate
    workingCSV=I:\VisTrails\VisTrails_SAHM_x32_debug\VisTrails\vistrails\packages\sahm\Testing\PARC_test\expectedOutputs\PARC_CSV_inputs\PARC_100mTemplate\tmpFilesToPARC.csv
Starting PARC at: 06/11/2012 13:27

  Some part of the template image falls outside of LatLon.SA.2001.tree
        template upper left  = (-105.933548549, 40.5646850363)
        template lower right = (-105.417078949, 40.1424694953)
        image    upper left  = (-86.38199167, 13.69440556)
        image    lower right = (-34.22139722, -56.45260278)
  Some part of the template image falls outside of LatLon.SA.2001.bare
        template upper left  = (-105.933548549, 40.5646850363)
        template lower right = (-105.417078949, 40.1424694953)
        image    upper left  = (-86.38199167, 13.69440556)
        image    lower right = (-34.22139722, -56.45260278)
There was one or more problems with your input rasters: 

  Some part of the template image falls outside of LatLon.SA.2001.tree
        template upper left  = (-105.933548549, 40.5646850363)
        template lower right = (-105.417078949, 40.1424694953)
        image    upper left  = (-86.38199167, 13.69440556)
        image    lower right = (-34.22139722, -56.45260278)
  Some part of the template image falls outside of LatLon.SA.2001.bare
        template upper left  = (-105.933548549, 40.5646850363)
        template lower right = (-105.417078949, 40.1424694953)
        image    upper left  = (-86.38199167, 13.69440556)
        image    lower right = (-34.22139722, -56.45260278)
    template layer = I:/VisTrails/VisTrails_SAHM_x32_debug/VisTrails/vistrails/packages/sahm/Testing/InputData/Sahm_example/100mTemplate.tif
    output_dname=I:\VisTrails\VisTrails_SAHM_x32_debug\VisTrails\vistrails\packages\sahm\Testing\PARC_test\expectedOutputs\PARC_CSV_inputs\PARC_100mTemplate
    workingCSV=I:\VisTrails\VisTrails_SAHM_x32_debug\VisTrails\vistrails\packages\sahm\Testing\PARC_test\expectedOutputs\PARC_CSV_inputs\PARC_100mTemplate\tmpFilesToPARC.csv
Starting PARC at: 06/11/2012 13:29
    Arguments validated successfully at: 06/11/2012 13:29
"C:\Program Files (x86)\VisTrails\vistrails\Python27\python.exe" "C:\Program Files (x86)\VisTrails\vistrails\packages\sahm\pySAHM\singlePARC.py" -s "K:\GIS_LIBRARY\Climate\DAYMET\SourceData\AvgMonthlyMonthlyPrecip\ppt12.tif" -c "0" -d "I:\VisTrails\VisTrails_SAHM_x32_debug\VisTrails\vistrails\packages\sahm\Testing\PARC_test\expectedOutputs\PARC_CSV_inputs\PARC_100mTemplate\ppt12.tif" -t "I:\VisTrails\VisTrails_SAHM_x32_debug\VisTrails\vistrails\packages\sahm\Testing\InputData\Sahm_example\100mTemplate.tif" -r Bilinear -a Mean
"C:\Program Files (x86)\VisTrails\vistrails\Python27\python.exe" "C:\Program Files (x86)\VisTrails\vistrails\packages\sahm\pySAHM\singlePARC.py" -s "K:\GIS_LIBRARY\Climate\WorldClim\BioclimaticVariables\bio_30s_esri\bio\bio_9" -c "0" -d "I:\VisTrails\VisTrails_SAHM_x32_debug\VisTrails\vistrails\packages\sahm\Testing\PARC_test\expectedOutputs\PARC_CSV_inputs\PARC_100mTemplate\bio_9.tif" -t "I:\VisTrails\VisTrails_SAHM_x32_debug\VisTrails\vistrails\packages\sahm\Testing\InputData\Sahm_example\100mTemplate.tif" -r Bilinear -a Mean
"C:\Program Files (x86)\VisTrails\vistrails\Python27\python.exe" "C:\Program Files (x86)\VisTrails\vistrails\packages\sahm\pySAHM\singlePARC.py" -s "K:\GIS_LIBRARY\Climate\DAYMET\DerivedData\bio_3.tif" -c "0" -d "I:\VisTrails\VisTrails_SAHM_x32_debug\VisTrails\vistrails\packages\sahm\Testing\PARC_test\expectedOutputs\PARC_CSV_inputs\PARC_100mTemplate\bio_3.tif" -t "I:\VisTrails\VisTrails_SAHM_x32_debug\VisTrails\vistrails\packages\sahm\Testing\InputData\Sahm_example\100mTemplate.tif" -r Bilinear -a Mean
"C:\Program Files (x86)\VisTrails\vistrails\Python27\python.exe" "C:\Program Files (x86)\VisTrails\vistrails\packages\sahm\pySAHM\singlePARC.py" -s "K:\GIS_LIBRARY\Climate\WorldClim\BioclimaticVariables\bio_30s_esri\bio\bio_19" -c "0" -d "I:\VisTrails\VisTrails_SAHM_x32_debug\VisTrails\vistrails\packages\sahm\Testing\PARC_test\expectedOutputs\PARC_CSV_inputs\PARC_100mTemplate\bio_19.tif" -t "I:\VisTrails\VisTrails_SAHM_x32_debug\VisTrails\vistrails\packages\sahm\Testing\InputData\Sahm_example\100mTemplate.tif" -r Bilinear -a Mean
"C:\Program Files (x86)\VisTrails\vistrails\Python27\python.exe" "C:\Program Files (x86)\VisTrails\vistrails\packages\sahm\pySAHM\singlePARC.py" -s "K:\GIS_LIBRARY\Climate\WorldClim\MaxTempAvg1950-2000\tmax_30s_esri\tmax\tmax_1" -c "0" -d "I:\VisTrails\VisTrails_SAHM_x32_debug\VisTrails\vistrails\packages\sahm\Testing\PARC_test\expectedOutputs\PARC_CSV_inputs\PARC_100mTemplate\tmax_1.tif" -t "I:\VisTrails\VisTrails_SAHM_x32_debug\VisTrails\vistrails\packages\sahm\Testing\InputData\Sahm_example\100mTemplate.tif" -r Bilinear -a Mean
"C:\Program Files (x86)\VisTrails\vistrails\Python27\python.exe" "C:\Program Files (x86)\VisTrails\vistrails\packages\sahm\pySAHM\singlePARC.py" -s "K:\GIS_LIBRARY\Climate\DAYMET\DerivedData\bio_1.tif" -c "0" -d "I:\VisTrails\VisTrails_SAHM_x32_debug\VisTrails\vistrails\packages\sahm\Testing\PARC_test\expectedOutputs\PARC_CSV_inputs\PARC_100mTemplate\bio_1.tif" -t "I:\VisTrails\VisTrails_SAHM_x32_debug\VisTrails\vistrails\packages\sahm\Testing\InputData\Sahm_example\100mTemplate.tif" -r Bilinear -a Mean
"C:\Program Files (x86)\VisTrails\vistrails\Python27\python.exe" "C:\Program Files (x86)\VisTrails\vistrails\packages\sahm\pySAHM\singlePARC.py" -s "K:\GIS_LIBRARY\Elevation\EDNA\slopedeg\slopedeg" -c "0" -d "I:\VisTrails\VisTrails_SAHM_x32_debug\VisTrails\vistrails\packages\sahm\Testing\PARC_test\expectedOutputs\PARC_CSV_inputs\PARC_100mTemplate\slopedeg.tif" -t "I:\VisTrails\VisTrails_SAHM_x32_debug\VisTrails\vistrails\packages\sahm\Testing\InputData\Sahm_example\100mTemplate.tif" -r Bilinear -a Mean
"C:\Program Files (x86)\VisTrails\vistrails\Python27\python.exe" "C:\Program Files (x86)\VisTrails\vistrails\packages\sahm\pySAHM\singlePARC.py" -s "K:\GIS_LIBRARY\Elevation\EDNA\dem\dem" -c "0" -d "I:\VisTrails\VisTrails_SAHM_x32_debug\VisTrails\vistrails\packages\sahm\Testing\PARC_test\expectedOutputs\PARC_CSV_inputs\PARC_100mTemplate\dem.tif" -t "I:\VisTrails\VisTrails_SAHM_x32_debug\VisTrails\vistrails\packages\sahm\Testing\InputData\Sahm_example\100mTemplate.tif" -r Bilinear -a Mean
"C:\Program Files (x86)\VisTrails\vistrails\Python27\python.exe" "C:\Program Files (x86)\VisTrails\vistrails\packages\sahm\pySAHM\singlePARC.py" -s "K:\GIS_LIBRARY\Elevation\EDNA\cti\cti" -c "0" -d "I:\VisTrails\VisTrails_SAHM_x32_debug\VisTrails\vistrails\packages\sahm\Testing\PARC_test\expectedOutputs\PARC_CSV_inputs\PARC_100mTemplate\cti.tif" -t "I:\VisTrails\VisTrails_SAHM_x32_debug\VisTrails\vistrails\packages\sahm\Testing\InputData\Sahm_example\100mTemplate.tif" -r Bilinear -a Mean
"C:\Program Files (x86)\VisTrails\vistrails\Python27\python.exe" "C:\Program Files (x86)\VisTrails\vistrails\packages\sahm\pySAHM\singlePARC.py" -s "K:\GIS_LIBRARY\Elevation\EDNA\facc\facc" -c "0" -d "I:\VisTrails\VisTrails_SAHM_x32_debug\VisTrails\vistrails\packages\sahm\Testing\PARC_test\expectedOutputs\PARC_CSV_inputs\PARC_100mTemplate\facc.tif" -t "I:\VisTrails\VisTrails_SAHM_x32_debug\VisTrails\vistrails\packages\sahm\Testing\InputData\Sahm_example\100mTemplate.tif" -r Bilinear -a Mean
"C:\Program Files (x86)\VisTrails\vistrails\Python27\python.exe" "C:\Program Files (x86)\VisTrails\vistrails\packages\sahm\pySAHM\singlePARC.py" -s "\\IGSKBACBVMFS002\InvasivesNAS$\Phenology Share\FinalMosaics_WGS84Sinusoidal\MOD09Q1P_NDVI\amplitudes1\NDVI_amplitudes1_2000.tif" -c "0" -d "I:\VisTrails\VisTrails_SAHM_x32_debug\VisTrails\vistrails\packages\sahm\Testing\PARC_test\expectedOutputs\PARC_CSV_inputs\PARC_100mTemplate\NDVI_amplitudes1_2000.tif" -t "I:\VisTrails\VisTrails_SAHM_x32_debug\VisTrails\vistrails\packages\sahm\Testing\InputData\Sahm_example\100mTemplate.tif" -r Bilinear -a Mean
"C:\Program Files (x86)\VisTrails\vistrails\Python27\python.exe" "C:\Program Files (x86)\VisTrails\vistrails\packages\sahm\pySAHM\singlePARC.py" -s "\\IGSKBACBVMFS002\InvasivesNAS$\Phenology Share\FinalMosaics_WGS84Sinusoidal\MOD09Q1P_EVI\smallintegrals2\EVI_smallintegrals2_Average.tif" -c "0" -d "I:\VisTrails\VisTrails_SAHM_x32_debug\VisTrails\vistrails\packages\sahm\Testing\PARC_test\expectedOutputs\PARC_CSV_inputs\PARC_100mTemplate\EVI_smallintegrals2_Average.tif" -t "I:\VisTrails\VisTrails_SAHM_x32_debug\VisTrails\vistrails\packages\sahm\Testing\InputData\Sahm_example\100mTemplate.tif" -r Bilinear -a Mean
"C:\Program Files (x86)\VisTrails\vistrails\Python27\python.exe" "C:\Program Files (x86)\VisTrails\vistrails\packages\sahm\pySAHM\singlePARC.py" -s "\\IGSKBACBVMFS002\InvasivesNAS$\Phenology Share\FinalMosaics_WGS84Sinusoidal\MOD09Q1P_NDVI\landcover\NDVI_landcover_2007.tif" -c "1" -d "I:\VisTrails\VisTrails_SAHM_x32_debug\VisTrails\vistrails\packages\sahm\Testing\PARC_test\expectedOutputs\PARC_CSV_inputs\PARC_100mTemplate\NDVI_landcover_2007.tif" -t "I:\VisTrails\VisTrails_SAHM_x32_debug\VisTrails\vistrails\packages\sahm\Testing\InputData\Sahm_example\100mTemplate.tif" -r NearestNeighbor -a Majority
"C:\Program Files (x86)\VisTrails\vistrails\Python27\python.exe" "C:\Program Files (x86)\VisTrails\vistrails\packages\sahm\pySAHM\singlePARC.py" -s "\\IGSKBACBVMFS002\InvasivesNAS$\Phenology Share\FinalMosaics_WGS84Sinusoidal\MOD09Q1P_EVI\baselevels1\EVI_baselevels1_2006.tif" -c "0" -d "I:\VisTrails\VisTrails_SAHM_x32_debug\VisTrails\vistrails\packages\sahm\Testing\PARC_test\expectedOutputs\PARC_CSV_inputs\PARC_100mTemplate\EVI_baselevels1_2006.tif" -t "I:\VisTrails\VisTrails_SAHM_x32_debug\VisTrails\vistrails\packages\sahm\Testing\InputData\Sahm_example\100mTemplate.tif" -r Bilinear -a Mean
"C:\Program Files (x86)\VisTrails\vistrails\Python27\python.exe" "C:\Program Files (x86)\VisTrails\vistrails\packages\sahm\pySAHM\singlePARC.py" -s "\\IGSKBACBVMFS002\InvasivesNAS$\Phenology Share\FinalMosaics_WGS84Sinusoidal\MOD09Q1P_EVI\amplitudes1\EVI_amplitudes1_2000.tif" -c "0" -d "I:\VisTrails\VisTrails_SAHM_x32_debug\VisTrails\vistrails\packages\sahm\Testing\PARC_test\expectedOutputs\PARC_CSV_inputs\PARC_100mTemplate\EVI_amplitudes1_2000.tif" -t "I:\VisTrails\VisTrails_SAHM_x32_debug\VisTrails\vistrails\packages\sahm\Testing\InputData\Sahm_example\100mTemplate.tif" -r Bilinear -a Mean
"C:\Program Files (x86)\VisTrails\vistrails\Python27\python.exe" "C:\Program Files (x86)\VisTrails\vistrails\packages\sahm\pySAHM\singlePARC.py" -s "\\IGSKBACBVMFS002\InvasivesNAS$\Phenology Share\FinalMosaics_WGS84Sinusoidal\MOD09Q1P_NDVI\smallintegrals2\NDVI_smallintegrals2_Average.tif" -c "0" -d "I:\VisTrails\VisTrails_SAHM_x32_debug\VisTrails\vistrails\packages\sahm\Testing\PARC_test\expectedOutputs\PARC_CSV_inputs\PARC_100mTemplate\NDVI_smallintegrals2_Average.tif" -t "I:\VisTrails\VisTrails_SAHM_x32_debug\VisTrails\vistrails\packages\sahm\Testing\InputData\Sahm_example\100mTemplate.tif" -r Bilinear -a Mean
"C:\Program Files (x86)\VisTrails\vistrails\Python27\python.exe" "C:\Program Files (x86)\VisTrails\vistrails\packages\sahm\pySAHM\singlePARC.py" -s "\\IGSKBACBVMFS002\InvasivesNAS$\Phenology Share\FinalMosaics_WGS84Sinusoidal\MOD09Q1P_EVI\largeintegrals2\EVI_largeintegrals2_Average.tif" -c "0" -d "I:\VisTrails\VisTrails_SAHM_x32_debug\VisTrails\vistrails\packages\sahm\Testing\PARC_test\expectedOutputs\PARC_CSV_inputs\PARC_100mTemplate\EVI_largeintegrals2_Average.tif" -t "I:\VisTrails\VisTrails_SAHM_x32_debug\VisTrails\vistrails\packages\sahm\Testing\InputData\Sahm_example\100mTemplate.tif" -r Bilinear -a Mean
"C:\Program Files (x86)\VisTrails\vistrails\Python27\python.exe" "C:\Program Files (x86)\VisTrails\vistrails\packages\sahm\pySAHM\singlePARC.py" -s "K:\GIS_LIBRARY\Climate\PRISM\OregonStateUniversity_TimeSeries_1895_2008_4km\BioClim_1895_2008\BioClim_2004\bio_01_2004_4km.img" -c "0" -d "I:\VisTrails\VisTrails_SAHM_x32_debug\VisTrails\vistrails\packages\sahm\Testing\PARC_test\expectedOutputs\PARC_CSV_inputs\PARC_100mTemplate\bio_01_2004_4km.tif" -t "I:\VisTrails\VisTrails_SAHM_x32_debug\VisTrails\vistrails\packages\sahm\Testing\InputData\Sahm_example\100mTemplate.tif" -r Bilinear -a Mean
"C:\Program Files (x86)\VisTrails\vistrails\Python27\python.exe" "C:\Program Files (x86)\VisTrails\vistrails\packages\sahm\pySAHM\singlePARC.py" -s "K:\GIS_LIBRARY\Climate\PRISM\OregonStateUniversity_Normal_1971_2000_800m\BioClim_1971_2000\bio_19_1971_2000_800m.img" -c "0" -d "I:\VisTrails\VisTrails_SAHM_x32_debug\VisTrails\vistrails\packages\sahm\Testing\PARC_test\expectedOutputs\PARC_CSV_inputs\PARC_100mTemplate\bio_19_1971_2000_800m.tif" -t "I:\VisTrails\VisTrails_SAHM_x32_debug\VisTrails\vistrails\packages\sahm\Testing\InputData\Sahm_example\100mTemplate.tif" -r Bilinear -a Mean
"C:\Program Files (x86)\VisTrails\vistrails\Python27\python.exe" "C:\Program Files (x86)\VisTrails\vistrails\packages\sahm\pySAHM\singlePARC.py" -s "K:\GIS_LIBRARY\Climate\PRISM\OregonStateUniversity_Normal_1971_2000_800m\BioClim_1971_2000\bio_17_1971_2000_800m.img" -c "0" -d "I:\VisTrails\VisTrails_SAHM_x32_debug\VisTrails\vistrails\packages\sahm\Testing\PARC_test\expectedOutputs\PARC_CSV_inputs\PARC_100mTemplate\bio_17_1971_2000_800m.tif" -t "I:\VisTrails\VisTrails_SAHM_x32_debug\VisTrails\vistrails\packages\sahm\Testing\InputData\Sahm_example\100mTemplate.tif" -r Bilinear -a Mean
"C:\Program Files (x86)\VisTrails\vistrails\Python27\python.exe" "C:\Program Files (x86)\VisTrails\vistrails\packages\sahm\pySAHM\singlePARC.py" -s "K:\GIS_LIBRARY\Climate\PRISM\OregonStateUniversity_TimeSeries_1895_2008_4km\BioClim_1895_2008\BioClim_2000\bio_02_2000_4km.img" -c "0" -d "I:\VisTrails\VisTrails_SAHM_x32_debug\VisTrails\vistrails\packages\sahm\Testing\PARC_test\expectedOutputs\PARC_CSV_inputs\PARC_100mTemplate\bio_02_2000_4km.tif" -t "I:\VisTrails\VisTrails_SAHM_x32_debug\VisTrails\vistrails\packages\sahm\Testing\InputData\Sahm_example\100mTemplate.tif" -r Bilinear -a Mean
"C:\Program Files (x86)\VisTrails\vistrails\Python27\python.exe" "C:\Program Files (x86)\VisTrails\vistrails\packages\sahm\pySAHM\singlePARC.py" -s "K:\GIS_LIBRARY\Climate\PRISM\OregonStateUniversity_Normal_1971_2000_800m\Input_1971_2000\ppt_1971_2000_01_800m.img" -c "0" -d "I:\VisTrails\VisTrails_SAHM_x32_debug\VisTrails\vistrails\packages\sahm\Testing\PARC_test\expectedOutputs\PARC_CSV_inputs\PARC_100mTemplate\ppt_1971_2000_01_800m.tif" -t "I:\VisTrails\VisTrails_SAHM_x32_debug\VisTrails\vistrails\packages\sahm\Testing\InputData\Sahm_example\100mTemplate.tif" -r Bilinear -a Mean
"C:\Program Files (x86)\VisTrails\vistrails\Python27\python.exe" "C:\Program Files (x86)\VisTrails\vistrails\packages\sahm\pySAHM\singlePARC.py" -s "K:\GIS_LIBRARY\Climate\PRISM\ClimateSource_TimeSeries_1971_2009_2km\BioClim_1971_2009\BioClim_2002\bio_11_2002_2km.img" -c "0" -d "I:\VisTrails\VisTrails_SAHM_x32_debug\VisTrails\vistrails\packages\sahm\Testing\PARC_test\expectedOutputs\PARC_CSV_inputs\PARC_100mTemplate\bio_11_2002_2km.tif" -t "I:\VisTrails\VisTrails_SAHM_x32_debug\VisTrails\vistrails\packages\sahm\Testing\InputData\Sahm_example\100mTemplate.tif" -r Bilinear -a Mean
"C:\Program Files (x86)\VisTrails\vistrails\Python27\python.exe" "C:\Program Files (x86)\VisTrails\vistrails\packages\sahm\pySAHM\singlePARC.py" -s "K:\GIS_LIBRARY\Climate\PRISM\ClimateSource_TimeSeries_1971_2009_2km\BioClim_1971_2009\BioClim_2000\bio_01_2000_2km.img" -c "0" -d "I:\VisTrails\VisTrails_SAHM_x32_debug\VisTrails\vistrails\packages\sahm\Testing\PARC_test\expectedOutputs\PARC_CSV_inputs\PARC_100mTemplate\bio_01_2000_2km.tif" -t "I:\VisTrails\VisTrails_SAHM_x32_debug\VisTrails\vistrails\packages\sahm\Testing\InputData\Sahm_example\100mTemplate.tif" -r Bilinear -a Mean
"C:\Program Files (x86)\VisTrails\vistrails\Python27\python.exe" "C:\Program Files (x86)\VisTrails\vistrails\packages\sahm\pySAHM\singlePARC.py" -s "K:\GIS_LIBRARY\Climate\PRISM\OregonStateUniversity_TimeSeries_1895_2008_4km\BioClim_1895_2008\BioClim_2000\bio_01_2000_4km.img" -c "0" -d "I:\VisTrails\VisTrails_SAHM_x32_debug\VisTrails\vistrails\packages\sahm\Testing\PARC_test\expectedOutputs\PARC_CSV_inputs\PARC_100mTemplate\bio_01_2000_4km.tif" -t "I:\VisTrails\VisTrails_SAHM_x32_debug\VisTrails\vistrails\packages\sahm\Testing\InputData\Sahm_example\100mTemplate.tif" -r Bilinear -a Mean
"C:\Program Files (x86)\VisTrails\vistrails\Python27\python.exe" "C:\Program Files (x86)\VisTrails\vistrails\packages\sahm\pySAHM\singlePARC.py" -s "K:\GIS_LIBRARY\Climate\PRISM\ClimateSource_TimeSeries_1971_2009_2km\BioClim_1971_2009\BioClim_2009\bio_19_2009_2km.img" -c "0" -d "I:\VisTrails\VisTrails_SAHM_x32_debug\VisTrails\vistrails\packages\sahm\Testing\PARC_test\expectedOutputs\PARC_CSV_inputs\PARC_100mTemplate\bio_19_2009_2km.tif" -t "I:\VisTrails\VisTrails_SAHM_x32_debug\VisTrails\vistrails\packages\sahm\Testing\InputData\Sahm_example\100mTemplate.tif" -r Bilinear -a Mean
"C:\Program Files (x86)\VisTrails\vistrails\Python27\python.exe" "C:\Program Files (x86)\VisTrails\vistrails\packages\sahm\pySAHM\singlePARC.py" -s "K:\GIS_LIBRARY\Climate\PRISM\OregonStateUniversity_TimeSeries_1895_2008_4km\BioClim_1895_2008\BioClim_2007\bio_19_2007_4km.img" -c "0" -d "I:\VisTrails\VisTrails_SAHM_x32_debug\VisTrails\vistrails\packages\sahm\Testing\PARC_test\expectedOutputs\PARC_CSV_inputs\PARC_100mTemplate\bio_19_2007_4km.tif" -t "I:\VisTrails\VisTrails_SAHM_x32_debug\VisTrails\vistrails\packages\sahm\Testing\InputData\Sahm_example\100mTemplate.tif" -r Bilinear -a Mean
"C:\Program Files (x86)\VisTrails\vistrails\Python27\python.exe" "C:\Program Files (x86)\VisTrails\vistrails\packages\sahm\pySAHM\singlePARC.py" -s "K:\GIS_LIBRARY\Veg_LandCover\MODIS\LatLon.NA.2001.bare.tif" -c "0" -d "I:\VisTrails\VisTrails_SAHM_x32_debug\VisTrails\vistrails\packages\sahm\Testing\PARC_test\expectedOutputs\PARC_CSV_inputs\PARC_100mTemplate\LatLon.NA.2001.bare.tif" -t "I:\VisTrails\VisTrails_SAHM_x32_debug\VisTrails\vistrails\packages\sahm\Testing\InputData\Sahm_example\100mTemplate.tif" -r Bilinear -a Mean
"C:\Program Files (x86)\VisTrails\vistrails\Python27\python.exe" "C:\Program Files (x86)\VisTrails\vistrails\packages\sahm\pySAHM\singlePARC.py" -s "K:\GIS_LIBRARY\Veg_LandCover\MODIS\LatLon.NA.2001.tree.tif" -c "0" -d "I:\VisTrails\VisTrails_SAHM_x32_debug\VisTrails\vistrails\packages\sahm\Testing\PARC_test\expectedOutputs\PARC_CSV_inputs\PARC_100mTemplate\LatLon.NA.2001.tree.tif" -t "I:\VisTrails\VisTrails_SAHM_x32_debug\VisTrails\vistrails\packages\sahm\Testing\InputData\Sahm_example\100mTemplate.tif" -r Bilinear -a Mean
    bio_3.tif finished successfully:  1 done out of 29 at: 06/11/2012 13:29
    bio_1.tif finished successfully:  2 done out of 29 at: 06/11/2012 13:29
    bio_9 finished successfully:  3 done out of 29 at: 06/11/2012 13:29
    EVI_smallintegrals2_Average.tif finished successfully:  4 done out of 29 at: 06/11/2012 13:29
    tmax_1 finished successfully:  5 done out of 29 at: 06/11/2012 13:29
    ppt12.tif finished successfully:  6 done out of 29 at: 06/11/2012 13:29
    NDVI_amplitudes1_2000.tif finished successfully:  7 done out of 29 at: 06/11/2012 13:29
    bio_01_2004_4km.img finished successfully:  8 done out of 29 at: 06/11/2012 13:29
    bio_11_2002_2km.img finished successfully:  9 done out of 29 at: 06/11/2012 13:29
    ppt_1971_2000_01_800m.img finished successfully:  10 done out of 29 at: 06/11/2012 13:29
    bio_19_2007_4km.img finished successfully:  11 done out of 29 at: 06/11/2012 13:29
    bio_19_1971_2000_800m.img finished successfully:  12 done out of 29 at: 06/11/2012 13:29
    EVI_amplitudes1_2000.tif finished successfully:  13 done out of 29 at: 06/11/2012 13:29
    EVI_baselevels1_2006.tif finished successfully:  14 done out of 29 at: 06/11/2012 13:29
    NDVI_landcover_2007.tif finished successfully:  15 done out of 29 at: 06/11/2012 13:29
    bio_19_2009_2km.img finished successfully:  16 done out of 29 at: 06/11/2012 13:29
    bio_02_2000_4km.img finished successfully:  17 done out of 29 at: 06/11/2012 13:29
    LatLon.NA.2001.tree.tif finished successfully:  18 done out of 29 at: 06/11/2012 13:29
    bio_01_2000_4km.img finished successfully:  19 done out of 29 at: 06/11/2012 13:29
    bio_17_1971_2000_800m.img finished successfully:  20 done out of 29 at: 06/11/2012 13:29
    bio_01_2000_2km.img finished successfully:  21 done out of 29 at: 06/11/2012 13:29
    EVI_largeintegrals2_Average.tif finished successfully:  22 done out of 29 at: 06/11/2012 13:29
    LatLon.NA.2001.bare.tif finished successfully:  23 done out of 29 at: 06/11/2012 13:29
    bio_19 finished successfully:  24 done out of 29 at: 06/11/2012 13:29
    NDVI_smallintegrals2_Average.tif finished successfully:  25 done out of 29 at: 06/11/2012 13:29
    dem finished successfully:  26 done out of 29 at: 06/11/2012 13:29
    facc finished successfully:  27 done out of 29 at: 06/11/2012 13:29
    cti finished successfully:  28 done out of 29 at: 06/11/2012 13:29
    slopedeg finished successfully:  29 done out of 29 at: 06/11/2012 13:29

blah, blah
Finished PARC at: 06/11/2012 13:29