

Session started
 at: 06/12/2012 09:48
*******************************************************************************
*******************************************************************************
 output directory:   I:\VisTrails\VisTrails_SAHM_x32_debug\VisTrails\vistrails\packages\sahm\Testing\tests\PARC_test\expectedOutputs\Simple MDS and FDQ
*******************************************************************************
*******************************************************************************

Running FieldDataQuery at: 06/12/2012 09:49
    inputsCSV=I:/VisTrails/VisTrails_SAHM_x32_debug/VisTrails/vistrails/packages/sahm/Testing/tests/PARC_test/expectedOutputs/Test CSV Inputs and basic PARC/PARC_100mTemplate/PARC_Files.csv
    fieldData=I:\VisTrails\VisTrails_SAHM_x32_debug\VisTrails\vistrails\packages\sahm\Testing\tests\PARC_test\expectedOutputs\Simple MDS and FDQ\FDQ_1.csv
    outputMDS=I:\VisTrails\VisTrails_SAHM_x32_debug\VisTrails\vistrails\packages\sahm\Testing\tests\PARC_test\expectedOutputs\Simple MDS and FDQ\MergedDataset_1.csv

Running MDSBuilder at: 06/12/2012 09:49
    Extracting raster values for I:\VisTrails\VisTrails_SAHM_x32_debug\VisTrails\vistrails\packages\sahm\Testing\tests\PARC_test\expectedOutputs\Test CSV Inputs and basic PARC\PARC_100mTemplate\bio_01_2000_2km.tif
    Done
    Extracting raster values for I:\VisTrails\VisTrails_SAHM_x32_debug\VisTrails\vistrails\packages\sahm\Testing\tests\PARC_test\expectedOutputs\Test CSV Inputs and basic PARC\PARC_100mTemplate\bio_01_2000_4km.tif
    Done
    Extracting raster values for I:\VisTrails\VisTrails_SAHM_x32_debug\VisTrails\vistrails\packages\sahm\Testing\tests\PARC_test\expectedOutputs\Test CSV Inputs and basic PARC\PARC_100mTemplate\bio_01_2004_4km.tif
    Done
    Extracting raster values for I:\VisTrails\VisTrails_SAHM_x32_debug\VisTrails\vistrails\packages\sahm\Testing\tests\PARC_test\expectedOutputs\Test CSV Inputs and basic PARC\PARC_100mTemplate\bio_02_2000_4km.tif
    Done
    Extracting raster values for I:\VisTrails\VisTrails_SAHM_x32_debug\VisTrails\vistrails\packages\sahm\Testing\tests\PARC_test\expectedOutputs\Test CSV Inputs and basic PARC\PARC_100mTemplate\bio_1.tif
    Done
    Extracting raster values for I:\VisTrails\VisTrails_SAHM_x32_debug\VisTrails\vistrails\packages\sahm\Testing\tests\PARC_test\expectedOutputs\Test CSV Inputs and basic PARC\PARC_100mTemplate\bio_11_2002_2km.tif
    Done
    Extracting raster values for I:\VisTrails\VisTrails_SAHM_x32_debug\VisTrails\vistrails\packages\sahm\Testing\tests\PARC_test\expectedOutputs\Test CSV Inputs and basic PARC\PARC_100mTemplate\bio_17_1971_2000_800m.tif
    Done
    Extracting raster values for I:\VisTrails\VisTrails_SAHM_x32_debug\VisTrails\vistrails\packages\sahm\Testing\tests\PARC_test\expectedOutputs\Test CSV Inputs and basic PARC\PARC_100mTemplate\bio_19.tif
    Done
    Extracting raster values for I:\VisTrails\VisTrails_SAHM_x32_debug\VisTrails\vistrails\packages\sahm\Testing\tests\PARC_test\expectedOutputs\Test CSV Inputs and basic PARC\PARC_100mTemplate\bio_19_1971_2000_800m.tif
    Done
    Extracting raster values for I:\VisTrails\VisTrails_SAHM_x32_debug\VisTrails\vistrails\packages\sahm\Testing\tests\PARC_test\expectedOutputs\Test CSV Inputs and basic PARC\PARC_100mTemplate\bio_19_2007_4km.tif
    Done
    Extracting raster values for I:\VisTrails\VisTrails_SAHM_x32_debug\VisTrails\vistrails\packages\sahm\Testing\tests\PARC_test\expectedOutputs\Test CSV Inputs and basic PARC\PARC_100mTemplate\bio_19_2009_2km.tif
    Done
    Extracting raster values for I:\VisTrails\VisTrails_SAHM_x32_debug\VisTrails\vistrails\packages\sahm\Testing\tests\PARC_test\expectedOutputs\Test CSV Inputs and basic PARC\PARC_100mTemplate\bio_3.tif
    Done
    Extracting raster values for I:\VisTrails\VisTrails_SAHM_x32_debug\VisTrails\vistrails\packages\sahm\Testing\tests\PARC_test\expectedOutputs\Test CSV Inputs and basic PARC\PARC_100mTemplate\bio_9.tif
    Done
    Extracting raster values for I:\VisTrails\VisTrails_SAHM_x32_debug\VisTrails\vistrails\packages\sahm\Testing\tests\PARC_test\expectedOutputs\Test CSV Inputs and basic PARC\PARC_100mTemplate\cti.tif
    Done
    Extracting raster values for I:\VisTrails\VisTrails_SAHM_x32_debug\VisTrails\vistrails\packages\sahm\Testing\tests\PARC_test\expectedOutputs\Test CSV Inputs and basic PARC\PARC_100mTemplate\dem.tif
    Done
    Extracting raster values for I:\VisTrails\VisTrails_SAHM_x32_debug\VisTrails\vistrails\packages\sahm\Testing\tests\PARC_test\expectedOutputs\Test CSV Inputs and basic PARC\PARC_100mTemplate\EVI_amplitudes1_2000.tif
    Done
    Extracting raster values for I:\VisTrails\VisTrails_SAHM_x32_debug\VisTrails\vistrails\packages\sahm\Testing\tests\PARC_test\expectedOutputs\Test CSV Inputs and basic PARC\PARC_100mTemplate\EVI_baselevels1_2006.tif
    Done
    Extracting raster values for I:\VisTrails\VisTrails_SAHM_x32_debug\VisTrails\vistrails\packages\sahm\Testing\tests\PARC_test\expectedOutputs\Test CSV Inputs and basic PARC\PARC_100mTemplate\EVI_largeintegrals2_Average.tif
    Done
    Extracting raster values for I:\VisTrails\VisTrails_SAHM_x32_debug\VisTrails\vistrails\packages\sahm\Testing\tests\PARC_test\expectedOutputs\Test CSV Inputs and basic PARC\PARC_100mTemplate\EVI_smallintegrals2_Average.tif
    Done
    Extracting raster values for I:\VisTrails\VisTrails_SAHM_x32_debug\VisTrails\vistrails\packages\sahm\Testing\tests\PARC_test\expectedOutputs\Test CSV Inputs and basic PARC\PARC_100mTemplate\facc.tif
    Done
    Extracting raster values for I:\VisTrails\VisTrails_SAHM_x32_debug\VisTrails\vistrails\packages\sahm\Testing\tests\PARC_test\expectedOutputs\Test CSV Inputs and basic PARC\PARC_100mTemplate\LatLon.NA.2001.bare.tif
    Done
    Extracting raster values for I:\VisTrails\VisTrails_SAHM_x32_debug\VisTrails\vistrails\packages\sahm\Testing\tests\PARC_test\expectedOutputs\Test CSV Inputs and basic PARC\PARC_100mTemplate\LatLon.NA.2001.tree.tif
    Done
    Extracting raster values for I:\VisTrails\VisTrails_SAHM_x32_debug\VisTrails\vistrails\packages\sahm\Testing\tests\PARC_test\expectedOutputs\Test CSV Inputs and basic PARC\PARC_100mTemplate\NDVI_amplitudes1_2000.tif
    Done
    Extracting raster values for I:\VisTrails\VisTrails_SAHM_x32_debug\VisTrails\vistrails\packages\sahm\Testing\tests\PARC_test\expectedOutputs\Test CSV Inputs and basic PARC\PARC_100mTemplate\NDVI_landcover_2007.tif
    Done
    Extracting raster values for I:\VisTrails\VisTrails_SAHM_x32_debug\VisTrails\vistrails\packages\sahm\Testing\tests\PARC_test\expectedOutputs\Test CSV Inputs and basic PARC\PARC_100mTemplate\NDVI_smallintegrals2_Average.tif
    Done
    Extracting raster values for I:\VisTrails\VisTrails_SAHM_x32_debug\VisTrails\vistrails\packages\sahm\Testing\tests\PARC_test\expectedOutputs\Test CSV Inputs and basic PARC\PARC_100mTemplate\ppt12.tif
    Done
    Extracting raster values for I:\VisTrails\VisTrails_SAHM_x32_debug\VisTrails\vistrails\packages\sahm\Testing\tests\PARC_test\expectedOutputs\Test CSV Inputs and basic PARC\PARC_100mTemplate\ppt_1971_2000_01_800m.tif
    Done
    Extracting raster values for I:\VisTrails\VisTrails_SAHM_x32_debug\VisTrails\vistrails\packages\sahm\Testing\tests\PARC_test\expectedOutputs\Test CSV Inputs and basic PARC\PARC_100mTemplate\slopedeg.tif
    Done
    Extracting raster values for I:\VisTrails\VisTrails_SAHM_x32_debug\VisTrails\vistrails\packages\sahm\Testing\tests\PARC_test\expectedOutputs\Test CSV Inputs and basic PARC\PARC_100mTemplate\tmax_1.tif
    Done

!!!!!!!!!!!!!!!!!!!!!!!!!!!!!!!!!!!!!!!!!!!!!!!!!!!!!!!!!!!!!
!!!!!!!!!!!!!!!!!!!!!WARNING!!!!!!!!!!!!!!!!!!!!!!!!!!!!!!!!!
465 point fell outside the Covariate coverage.
These points were assigned the NoData value of 'NA' for all covariates and willnot be included in subsequent models.
     These points are:     x:-105.6653545703588 Y: 40.284466540762637 response: 0     x:-105.6653545703588 Y: 40.284466540762637 response: 0     x:-105.6653545703588 Y: 40.284466540762637 response: 0     x:-105.6653545703588 Y: 40.284466540762637 response: 0     x:-105.6653545703588 Y: 40.284466540762637 response: 0     x:-105.6653545703588 Y: 40.284466540762637 response: 0     x:-105.6653545703588 Y: 40.284466540762637 response: 0     x:-105.6653545703588 Y: 40.284466540762637 response: 0     x:-105.6653545703588 Y: 40.284466540762637 response: 0     x:-105.6653545703588 Y: 40.284466540762637 response: 0     x:-105.6653545703588 Y: 40.284466540762637 response: 0     x:-105.6653545703588 Y: 40.284466540762637 response: 0     x:-105.6653545703588 Y: 40.284466540762637 response: 0     x:-105.6653545703588 Y: 40.284466540762637 response: 0     x:-105.6653545703588 Y: 40.284466540762637 response: 0     x:-105.6653545703588 Y: 40.284466540762637 response: 0     x:-105.6653545703588 Y: 40.284466540762637 response: 0     x:-105.6653545703588 Y: 40.284466540762637 response: 0     x:-105.6653545703588 Y: 40.284466540762637 response: 0     x:-105.6653545703588 Y: 40.284466540762637 response: 0     x:-105.6653545703588 Y: 40.284466540762637 response: 0     x:-105.6653545703588 Y: 40.284466540762637 response: 0     x:-105.6653545703588 Y: 40.284466540762637 response: 0     x:-105.6653545703588 Y: 40.284466540762637 response: 0     x:-105.6653545703588 Y: 40.284466540762637 response: 0     x:-105.6653545703588 Y: 40.284466540762637 response: 0     x:-105.6653545703588 Y: 40.284466540762637 response: 0     x:-105.6653545703588 Y: 40.284466540762637 response: 0     x:-105.6653545703588 Y: 40.284466540762637 response: 0     x:-105.6653545703588 Y: 40.284466540762637 response: 0     x:-105.6653545703588 Y: 40.284466540762637 response: 0     x:-105.6653545703588 Y: 40.284466540762637 response: 0     x:-105.6653545703588 Y: 40.284466540762637 response: 0     x:-105.6653545703588 Y: 40.284466540762637 response: 0     x:-105.6653545703588 Y: 40.284466540762637 response: 0     x:-105.6653545703588 Y: 40.284466540762637 response: 0     x:-105.6653545703588 Y: 40.284466540762637 response: 0     x:-105.6653545703588 Y: 40.284466540762637 response: 0     x:-105.6653545703588 Y: 40.284466540762637 response: 0     x:-105.6653545703588 Y: 40.284466540762637 response: 0     x:-105.6653545703588 Y: 40.284466540762637 response: 0     x:-105.6653545703588 Y: 40.284466540762637 response: 0     x:-105.6653545703588 Y: 40.284466540762637 response: 0     x:-105.6653545703588 Y: 40.284466540762637 response: 0     x:-105.6653545703588 Y: 40.284466540762637 response: 0     x:-105.6653545703588 Y: 40.284466540762637 response: 0     x:-105.6653545703588 Y: 40.284466540762637 response: 0     x:-105.6653545703588 Y: 40.284466540762637 response: 0     x:-105.6653545703588 Y: 40.284466540762637 response: 0     x:-105.6653545703588 Y: 40.284466540762637 response: 0     x:-105.6653545703588 Y: 40.284466540762637 response: 0     x:-105.6653545703588 Y: 40.284466540762637 response: 0     x:-105.6653545703588 Y: 40.284466540762637 response: 0     x:-105.6653545703588 Y: 40.284466540762637 response: 0     x:-105.6653545703588 Y: 40.284466540762637 response: 0     x:-105.6653545703588 Y: 40.284466540762637 response: 0     x:-105.6653545703588 Y: 40.284466540762637 response: 0     x:-105.6653545703588 Y: 40.284466540762637 response: 0     x:-105.6653545703588 Y: 40.284466540762637 response: 0     x:-105.6653545703588 Y: 40.284466540762637 response: 0     x:-105.6653545703588 Y: 40.284466540762637 response: 0     x:-105.6653545703588 Y: 40.284466540762637 response: 0     x:-105.6653545703588 Y: 40.284466540762637 response: 0     x:-105.6653545703588 Y: 40.284466540762637 response: 0     x:-105.6653545703588 Y: 40.284466540762637 response: 0     x:-105.6653545703588 Y: 40.284466540762637 response: 0     x:-105.6653545703588 Y: 40.284466540762637 response: 0     x:-105.6653545703588 Y: 40.284466540762637 response: 0     x:-105.6653545703588 Y: 40.284466540762637 response: 0     x:-105.6653545703588 Y: 40.284466540762637 response: 0     x:-105.6653545703588 Y: 40.284466540762637 response: 0     x:-105.6653545703588 Y: 40.284466540762637 response: 0     x:-105.6653545703588 Y: 40.284466540762637 response: 0     x:-105.6653545703588 Y: 40.284466540762637 response: 0     x:-105.6653545703588 Y: 40.284466540762637 response: 0     x:-105.6653545703588 Y: 40.284466540762637 response: 0     x:-105.6653545703588 Y: 40.284466540762637 response: 0     x:-105.6653545703588 Y: 40.284466540762637 response: 0     x:-105.6653545703588 Y: 40.284466540762637 response: 0     x:-105.6653545703588 Y: 40.284466540762637 response: 0     x:-105.6653545703588 Y: 40.284466540762637 response: 0     x:-105.6653545703588 Y: 40.284466540762637 response: 0     x:-105.6653545703588 Y: 40.284466540762637 response: 0     x:-105.6653545703588 Y: 40.284466540762637 response: 0     x:-105.6653545703588 Y: 40.284466540762637 response: 0     x:-105.6653545703588 Y: 40.284466540762637 response: 0     x:-105.6653545703588 Y: 40.284466540762637 response: 0     x:-105.6653545703588 Y: 40.284466540762637 response: 0     x:-105.6653545703588 Y: 40.284466540762637 response: 0     x:-105.6653545703588 Y: 40.284466540762637 response: 0     x:-105.6653545703588 Y: 40.284466540762637 response: 0     x:-105.6653545703588 Y: 40.284466540762637 response: 0     x:-105.6653545703588 Y: 40.284466540762637 response: 0     x:-105.6653545703588 Y: 40.284466540762637 response: 0     x:-105.6653545703588 Y: 40.284466540762637 response: 0     x:-105.6653545703588 Y: 40.284466540762637 response: 0     x:-105.6653545703588 Y: 40.284466540762637 response: 0     x:-105.6653545703588 Y: 40.284466540762637 response: 0     x:-105.6653545703588 Y: 40.284466540762637 response: 0     x:-105.6653545703588 Y: 40.284466540762637 response: 0     x:-105.6653545703588 Y: 40.284466540762637 response: 0     x:-105.6653545703588 Y: 40.284466540762637 response: 0     x:-105.6653545703588 Y: 40.284466540762637 response: 0     x:-105.6653545703588 Y: 40.284466540762637 response: 0     x:-105.6653545703588 Y: 40.284466540762637 response: 0     x:-105.6653545703588 Y: 40.284466540762637 response: 0     x:-105.6653545703588 Y: 40.284466540762637 response: 0     x:-105.6653545703588 Y: 40.284466540762637 response: 0     x:-105.6653545703588 Y: 40.284466540762637 response: 0     x:-105.6653545703588 Y: 40.284466540762637 response: 0     x:-105.6653545703588 Y: 40.284466540762637 response: 0     x:-105.6653545703588 Y: 40.284466540762637 response: 0     x:-105.6653545703588 Y: 40.284466540762637 response: 0     x:-105.6653545703588 Y: 40.284466540762637 response: 0     x:-105.6653545703588 Y: 40.284466540762637 response: 0     x:-105.6653545703588 Y: 40.284466540762637 response: 0     x:-105.6653545703588 Y: 40.284466540762637 response: 0     x:-105.6653545703588 Y: 40.284466540762637 response: 0     x:-105.6653545703588 Y: 40.284466540762637 response: 0     x:-105.6653545703588 Y: 40.284466540762637 response: 0     x:-105.6653545703588 Y: 40.284466540762637 response: 0     x:-105.6653545703588 Y: 40.284466540762637 response: 0     x:-105.6653545703588 Y: 40.284466540762637 response: 0     x:-105.6653545703588 Y: 40.284466540762637 response: 0     x:-105.6653545703588 Y: 40.284466540762637 response: 0     x:-105.6653545703588 Y: 40.284466540762637 response: 0     x:-105.6653545703588 Y: 40.284466540762637 response: 0     x:-105.6653545703588 Y: 40.284466540762637 response: 0     x:-105.6653545703588 Y: 40.284466540762637 response: 0     x:-105.6653545703588 Y: 40.284466540762637 response: 0     x:-105.6653545703588 Y: 40.284466540762637 response: 0     x:-105.6653545703588 Y: 40.284466540762637 response: 0     x:-105.6653545703588 Y: 40.284466540762637 response: 0     x:-105.6653545703588 Y: 40.284466540762637 response: 0     x:-105.6653545703588 Y: 40.284466540762637 response: 0     x:-105.6653545703588 Y: 40.284466540762637 response: 0     x:-105.6653545703588 Y: 40.284466540762637 response: 0     x:-105.6653545703588 Y: 40.284466540762637 response: 0     x:-105.6653545703588 Y: 40.284466540762637 response: 0     x:-105.6653545703588 Y: 40.284466540762637 response: 0     x:-105.6653545703588 Y: 40.284466540762637 response: 0     x:-105.6653545703588 Y: 40.284466540762637 response: 0     x:-105.6653545703588 Y: 40.284466540762637 response: 0     x:-105.6653545703588 Y: 40.284466540762637 response: 0     x:-105.6653545703588 Y: 40.284466540762637 response: 0     x:-105.6653545703588 Y: 40.284466540762637 response: 0     x:-105.6653545703588 Y: 40.284466540762637 response: 0     x:-105.6653545703588 Y: 40.284466540762637 response: 0     x:-105.6653545703588 Y: 40.284466540762637 response: 0     x:-105.6653545703588 Y: 40.284466540762637 response: 0     x:-105.6653545703588 Y: 40.284466540762637 response: 0     x:-105.6653545703588 Y: 40.284466540762637 response: 0     x:-105.6653545703588 Y: 40.284466540762637 response: 0     x:-105.6653545703588 Y: 40.284466540762637 response: 0     x:-105.6653545703588 Y: 40.284466540762637 response: 0     x:-105.6653545703588 Y: 40.284466540762637 response: 0     x:-105.6653545703588 Y: 40.284466540762637 response: 0     x:-105.6653545703588 Y: 40.284466540762637 response: 0     x:-105.6653545703588 Y: 40.284466540762637 response: 0     x:-105.6653545703588 Y: 40.284466540762637 response: 0     x:-105.6653545703588 Y: 40.284466540762637 response: 0     x:-105.6653545703588 Y: 40.284466540762637 response: 0     x:-105.6653545703588 Y: 40.284466540762637 response: 0     x:-105.6653545703588 Y: 40.284466540762637 response: 0     x:-105.6653545703588 Y: 40.284466540762637 response: 0     x:-105.6653545703588 Y: 40.284466540762637 response: 0     x:-105.6653545703588 Y: 40.284466540762637 response: 0     x:-105.6653545703588 Y: 40.284466540762637 response: 0     x:-105.6653545703588 Y: 40.284466540762637 response: 0     x:-105.6653545703588 Y: 40.284466540762637 response: 0     x:-105.6653545703588 Y: 40.284466540762637 response: 0     x:-105.6653545703588 Y: 40.284466540762637 response: 0     x:-105.6653545703588 Y: 40.284466540762637 response: 0     x:-105.6653545703588 Y: 40.284466540762637 response: 0     x:-105.6653545703588 Y: 40.284466540762637 response: 0     x:-105.6653545703588 Y: 40.284466540762637 response: 0     x:-105.6653545703588 Y: 40.284466540762637 response: 0     x:-105.6653545703588 Y: 40.284466540762637 response: 0     x:-105.6653545703588 Y: 40.284466540762637 response: 0     x:-105.6653545703588 Y: 40.284466540762637 response: 0     x:-105.6653545703588 Y: 40.284466540762637 response: 0     x:-105.6653545703588 Y: 40.284466540762637 response: 0     x:-105.6653545703588 Y: 40.284466540762637 response: 0     x:-105.6653545703588 Y: 40.284466540762637 response: 0     x:-105.6653545703588 Y: 40.284466540762637 response: 0     x:-105.6653545703588 Y: 40.284466540762637 response: 0     x:-105.6653545703588 Y: 40.284466540762637 response: 0     x:-105.6653545703588 Y: 40.284466540762637 response: 0     x:-105.6653545703588 Y: 40.284466540762637 response: 0     x:-105.6653545703588 Y: 40.284466540762637 response: 0     x:-105.6653545703588 Y: 40.284466540762637 response: 0     x:-105.6653545703588 Y: 40.284466540762637 response: 0     x:-105.6653545703588 Y: 40.284466540762637 response: 0     x:-105.6653545703588 Y: 40.284466540762637 response: 0     x:-105.6653545703588 Y: 40.284466540762637 response: 0     x:-105.6653545703588 Y: 40.284466540762637 response: 0     x:-105.6653545703588 Y: 40.284466540762637 response: 0     x:-105.6653545703588 Y: 40.284466540762637 response: 0     x:-105.6653545703588 Y: 40.284466540762637 response: 0     x:-105.6653545703588 Y: 40.284466540762637 response: 0     x:-105.6653545703588 Y: 40.284466540762637 response: 0     x:-105.6653545703588 Y: 40.284466540762637 response: 0     x:-105.6653545703588 Y: 40.284466540762637 response: 0     x:-105.6653545703588 Y: 40.284466540762637 response: 0     x:-105.6653545703588 Y: 40.284466540762637 response: 0     x:-105.6653545703588 Y: 40.284466540762637 response: 0     x:-105.6653545703588 Y: 40.284466540762637 response: 0     x:-105.6653545703588 Y: 40.284466540762637 response: 0     x:-105.6653545703588 Y: 40.284466540762637 response: 0     x:-105.6653545703588 Y: 40.284466540762637 response: 0     x:-105.6653545703588 Y: 40.284466540762637 response: 0     x:-105.6653545703588 Y: 40.284466540762637 response: 0     x:-105.6653545703588 Y: 40.284466540762637 response: 0     x:-105.6653545703588 Y: 40.284466540762637 response: 0     x:-105.6653545703588 Y: 40.284466540762637 response: 0     x:-105.6653545703588 Y: 40.284466540762637 response: 0     x:-105.6653545703588 Y: 40.284466540762637 response: 0     x:-105.6653545703588 Y: 40.284466540762637 response: 0     x:-105.6653545703588 Y: 40.284466540762637 response: 0     x:-105.6653545703588 Y: 40.284466540762637 response: 0     x:-105.6653545703588 Y: 40.284466540762637 response: 0     x:-105.6653545703588 Y: 40.284466540762637 response: 0     x:-105.6653545703588 Y: 40.284466540762637 response: 0     x:-105.6653545703588 Y: 40.284466540762637 response: 0     x:-105.6653545703588 Y: 40.284466540762637 response: 0     x:-105.6653545703588 Y: 40.284466540762637 response: 0     x:-105.6653545703588 Y: 40.284466540762637 response: 0     x:-105.6653545703588 Y: 40.284466540762637 response: 0     x:-105.6653545703588 Y: 40.284466540762637 response: 0     x:-105.6653545703588 Y: 40.284466540762637 response: 0     x:-105.6653545703588 Y: 40.284466540762637 response: 0     x:-105.6653545703588 Y: 40.284466540762637 response: 0     x:-105.6653545703588 Y: 40.284466540762637 response: 0     x:-105.6653545703588 Y: 40.284466540762637 response: 0     x:-105.6653545703588 Y: 40.284466540762637 response: 0     x:-105.6653545703588 Y: 40.284466540762637 response: 0     x:-105.6653545703588 Y: 40.284466540762637 response: 0     x:-105.6653545703588 Y: 40.284466540762637 response: 0     x:-105.6653545703588 Y: 40.284466540762637 response: 0     x:-105.6653545703588 Y: 40.284466540762637 response: 0     x:-105.6653545703588 Y: 40.284466540762637 response: 0     x:-105.6653545703588 Y: 40.284466540762637 response: 0     x:-105.6653545703588 Y: 40.284466540762637 response: 0     x:-105.6653545703588 Y: 40.284466540762637 response: 0     x:-105.6653545703588 Y: 40.284466540762637 response: 0     x:-105.6653545703588 Y: 40.284466540762637 response: 0     x:-105.6653545703588 Y: 40.284466540762637 response: 0     x:-105.6653545703588 Y: 40.284466540762637 response: 0     x:-105.6653545703588 Y: 40.284466540762637 response: 0     x:-105.6653545703588 Y: 40.284466540762637 response: 0     x:-105.6653545703588 Y: 40.284466540762637 response: 0     x:-105.6653545703588 Y: 40.284466540762637 response: 0     x:-105.6653545703588 Y: 40.284466540762637 response: 0     x:-105.6653545703588 Y: 40.284466540762637 response: 0     x:-105.6653545703588 Y: 40.284466540762637 response: 0     x:-105.6653545703588 Y: 40.284466540762637 response: 0     x:-105.6653545703588 Y: 40.284466540762637 response: 0     x:-105.6653545703588 Y: 40.284466540762637 response: 0     x:-105.6653545703588 Y: 40.284466540762637 response: 0     x:-105.6653545703588 Y: 40.284466540762637 response: 0     x:-105.6653545703588 Y: 40.284466540762637 response: 0     x:-105.6653545703588 Y: 40.284466540762637 response: 0     x:-105.6653545703588 Y: 40.284466540762637 response: 0     x:-105.6653545703588 Y: 40.284466540762637 response: 0     x:-105.6653545703588 Y: 40.284466540762637 response: 0     x:-105.6653545703588 Y: 40.284466540762637 response: 0     x:-105.6653545703588 Y: 40.284466540762637 response: 0     x:-105.6653545703588 Y: 40.284466540762637 response: 0     x:-105.6653545703588 Y: 40.284466540762637 response: 0     x:-105.6653545703588 Y: 40.284466540762637 response: 0     x:-105.6653545703588 Y: 40.284466540762637 response: 0     x:-105.6653545703588 Y: 40.284466540762637 response: 0     x:-105.6653545703588 Y: 40.284466540762637 response: 0     x:-105.6653545703588 Y: 40.284466540762637 response: 0     x:-105.6653545703588 Y: 40.284466540762637 response: 0     x:-105.6653545703588 Y: 40.284466540762637 response: 0     x:-105.6653545703588 Y: 40.284466540762637 response: 0     x:-105.6653545703588 Y: 40.284466540762637 response: 0     x:-105.6653545703588 Y: 40.284466540762637 response: 0     x:-105.6653545703588 Y: 40.284466540762637 response: 0     x:-105.6653545703588 Y: 40.284466540762637 response: 0     x:-105.6653545703588 Y: 40.284466540762637 response: 0     x:-105.6653545703588 Y: 40.284466540762637 response: 0     x:-105.6653545703588 Y: 40.284466540762637 response: 0     x:-105.6653545703588 Y: 40.284466540762637 response: 0     x:-105.6653545703588 Y: 40.284466540762637 response: 0     x:-105.6653545703588 Y: 40.284466540762637 response: 0     x:-105.6653545703588 Y: 40.284466540762637 response: 0     x:-105.6653545703588 Y: 40.284466540762637 response: 0     x:-105.6653545703588 Y: 40.284466540762637 response: 0     x:-105.6653545703588 Y: 40.284466540762637 response: 0     x:-105.6653545703588 Y: 40.284466540762637 response: 0     x:-105.6653545703588 Y: 40.284466540762637 response: 0     x:-105.6653545703588 Y: 40.284466540762637 response: 0     x:-105.6653545703588 Y: 40.284466540762637 response: 0     x:-105.6653545703588 Y: 40.284466540762637 response: 0     x:-105.6653545703588 Y: 40.284466540762637 response: 0     x:-105.6653545703588 Y: 40.284466540762637 response: 0     x:-105.6653545703588 Y: 40.284466540762637 response: 0     x:-105.6653545703588 Y: 40.284466540762637 response: 0     x:-105.6653545703588 Y: 40.284466540762637 response: 0     x:-105.6653545703588 Y: 40.284466540762637 response: 0     x:-105.6653545703588 Y: 40.284466540762637 response: 0     x:-105.6653545703588 Y: 40.284466540762637 response: 0     x:-105.6653545703588 Y: 40.284466540762637 response: 0     x:-105.6653545703588 Y: 40.284466540762637 response: 0     x:-105.6653545703588 Y: 40.284466540762637 response: 0     x:-105.6653545703588 Y: 40.284466540762637 response: 0     x:-105.6653545703588 Y: 40.284466540762637 response: 0     x:-105.6653545703588 Y: 40.284466540762637 response: 0     x:-105.6653545703588 Y: 40.284466540762637 response: 0     x:-105.6653545703588 Y: 40.284466540762637 response: 0     x:-105.6653545703588 Y: 40.284466540762637 response: 0     x:-105.6653545703588 Y: 40.284466540762637 response: 0     x:-105.6653545703588 Y: 40.284466540762637 response: 0     x:-105.6653545703588 Y: 40.284466540762637 response: 0     x:-105.6653545703588 Y: 40.284466540762637 response: 0     x:-105.6653545703588 Y: 40.284466540762637 response: 0     x:-105.6653545703588 Y: 40.284466540762637 response: 0     x:-105.6653545703588 Y: 40.284466540762637 response: 0     x:-105.6653545703588 Y: 40.284466540762637 response: 0     x:-105.6653545703588 Y: 40.284466540762637 response: 0     x:-105.6653545703588 Y: 40.284466540762637 response: 0     x:-105.6653545703588 Y: 40.284466540762637 response: 0     x:-105.6653545703588 Y: 40.284466540762637 response: 0     x:-105.6653545703588 Y: 40.284466540762637 response: 0     x:-105.6653545703588 Y: 40.284466540762637 response: 0     x:-105.6653545703588 Y: 40.284466540762637 response: 0     x:-105.6653545703588 Y: 40.284466540762637 response: 0     x:-105.6653545703588 Y: 40.284466540762637 response: 0     x:-105.6653545703588 Y: 40.284466540762637 response: 0     x:-105.6653545703588 Y: 40.284466540762637 response: 0     x:-105.6653545703588 Y: 40.284466540762637 response: 0     x:-105.6653545703588 Y: 40.284466540762637 response: 0     x:-105.6653545703588 Y: 40.284466540762637 response: 0     x:-105.6653545703588 Y: 40.284466540762637 response: 0     x:-105.6653545703588 Y: 40.284466540762637 response: 0     x:-105.6653545703588 Y: 40.284466540762637 response: 0     x:-105.6653545703588 Y: 40.284466540762637 response: 0     x:-105.6653545703588 Y: 40.284466540762637 response: 0     x:-105.6653545703588 Y: 40.284466540762637 response: 0     x:-105.6653545703588 Y: 40.284466540762637 response: 0     x:-105.6653545703588 Y: 40.284466540762637 response: 0     x:-105.6653545703588 Y: 40.284466540762637 response: 0     x:-105.6653545703588 Y: 40.284466540762637 response: 0     x:-105.6653545703588 Y: 40.284466540762637 response: 0     x:-105.6653545703588 Y: 40.284466540762637 response: 0     x:-105.6653545703588 Y: 40.284466540762637 response: 0     x:-105.6653545703588 Y: 40.284466540762637 response: 0     x:-105.6653545703588 Y: 40.284466540762637 response: 0     x:-105.6653545703588 Y: 40.284466540762637 response: 0     x:-105.6653545703588 Y: 40.284466540762637 response: 0     x:-105.6653545703588 Y: 40.284466540762637 response: 0     x:-105.6653545703588 Y: 40.284466540762637 response: 0     x:-105.6653545703588 Y: 40.284466540762637 response: 0     x:-105.6653545703588 Y: 40.284466540762637 response: 0     x:-105.6653545703588 Y: 40.284466540762637 response: 0     x:-105.6653545703588 Y: 40.284466540762637 response: 0     x:-105.6653545703588 Y: 40.284466540762637 response: 0     x:-105.6653545703588 Y: 40.284466540762637 response: 0     x:-105.6653545703588 Y: 40.284466540762637 response: 0     x:-105.6653545703588 Y: 40.284466540762637 response: 0     x:-105.6653545703588 Y: 40.284466540762637 response: 0     x:-105.6653545703588 Y: 40.284466540762637 response: 0     x:-105.6653545703588 Y: 40.284466540762637 response: 0     x:-105.6653545703588 Y: 40.284466540762637 response: 0     x:-105.6653545703588 Y: 40.284466540762637 response: 0     x:-105.6653545703588 Y: 40.284466540762637 response: 0     x:-105.6653545703588 Y: 40.284466540762637 response: 0     x:-105.6653545703588 Y: 40.284466540762637 response: 0     x:-105.6653545703588 Y: 40.284466540762637 response: 0     x:-105.6653545703588 Y: 40.284466540762637 response: 0     x:-105.6653545703588 Y: 40.284466540762637 response: 0     x:-105.6653545703588 Y: 40.284466540762637 response: 0     x:-105.6653545703588 Y: 40.284466540762637 response: 0     x:-105.6653545703588 Y: 40.284466540762637 response: 0     x:-105.6653545703588 Y: 40.284466540762637 response: 0     x:-105.6653545703588 Y: 40.284466540762637 response: 0     x:-105.6653545703588 Y: 40.284466540762637 response: 0     x:-105.6653545703588 Y: 40.284466540762637 response: 0     x:-105.6653545703588 Y: 40.284466540762637 response: 0     x:-105.6653545703588 Y: 40.284466540762637 response: 0     x:-105.6653545703588 Y: 40.284466540762637 response: 0     x:-105.6653545703588 Y: 40.284466540762637 response: 0     x:-105.6653545703588 Y: 40.284466540762637 response: 0     x:-105.6653545703588 Y: 40.284466540762637 response: 0     x:-105.6653545703588 Y: 40.284466540762637 response: 0     x:-105.6653545703588 Y: 40.284466540762637 response: 0     x:-105.6653545703588 Y: 40.284466540762637 response: 0     x:-105.6653545703588 Y: 40.284466540762637 response: 0     x:-105.6653545703588 Y: 40.284466540762637 response: 0     x:-105.6653545703588 Y: 40.284466540762637 response: 0     x:-105.6653545703588 Y: 40.284466540762637 response: 0     x:-105.6653545703588 Y: 40.284466540762637 response: 0     x:-105.6653545703588 Y: 40.284466540762637 response: 0     x:-105.6653545703588 Y: 40.284466540762637 response: 0     x:-105.6653545703588 Y: 40.284466540762637 response: 0     x:-105.6653545703588 Y: 40.284466540762637 response: 0     x:-105.6653545703588 Y: 40.284466540762637 response: 0     x:-105.6653545703588 Y: 40.284466540762637 response: 0     x:-105.6653545703588 Y: 40.284466540762637 response: 0     x:-105.6653545703588 Y: 40.284466540762637 response: 0     x:-105.6653545703588 Y: 40.284466540762637 response: 0     x:-105.6653545703588 Y: 40.284466540762637 response: 0     x:-105.6653545703588 Y: 40.284466540762637 response: 0     x:-105.6653545703588 Y: 40.284466540762637 response: 0     x:-105.6653545703588 Y: 40.284466540762637 response: 0     x:-105.6653545703588 Y: 40.284466540762637 response: 0     x:-105.6653545703588 Y: 40.284466540762637 response: 0     x:-105.6653545703588 Y: 40.284466540762637 response: 0     x:-105.6653545703588 Y: 40.284466540762637 response: 0     x:-105.6653545703588 Y: 40.284466540762637 response: 0     x:-105.6653545703588 Y: 40.284466540762637 response: 0     x:-105.6653545703588 Y: 40.284466540762637 response: 0     x:-105.6653545703588 Y: 40.284466540762637 response: 0     x:-105.6653545703588 Y: 40.284466540762637 response: 0     x:-105.6653545703588 Y: 40.284466540762637 response: 0     x:-105.6653545703588 Y: 40.284466540762637 response: 0     x:-105.6653545703588 Y: 40.284466540762637 response: 0     x:-105.6653545703588 Y: 40.284466540762637 response: 0     x:-105.6653545703588 Y: 40.284466540762637 response: 0     x:-105.6653545703588 Y: 40.284466540762637 response: 0     x:-105.6653545703588 Y: 40.284466540762637 response: 0     x:-105.6653545703588 Y: 40.284466540762637 response: 0     x:-105.6653545703588 Y: 40.284466540762637 response: 0     x:-105.6653545703588 Y: 40.284466540762637 response: 0     x:-105.6653545703588 Y: 40.284466540762637 response: 0     x:-105.6653545703588 Y: 40.284466540762637 response: 0     x:-105.6653545703588 Y: 40.284466540762637 response: 0     x:-105.6653545703588 Y: 40.284466540762637 response: 0     x:-105.6653545703588 Y: 40.284466540762637 response: 0     x:-105.6653545703588 Y: 40.284466540762637 response: 0     x:-105.6653545703588 Y: 40.284466540762637 response: 0     x:-105.6653545703588 Y: 40.284466540762637 response: 0     x:-105.6653545703588 Y: 40.284466540762637 response: 0     x:-105.6653545703588 Y: 40.284466540762637 response: 0     x:-105.6653545703588 Y: 40.284466540762637 response: 0     x:-105.6653545703588 Y: 40.284466540762637 response: 0     x:-105.6653545703588 Y: 40.284466540762637 response: 0     x:-105.6653545703588 Y: 40.284466540762637 response: 0     x:-105.6653545703588 Y: 40.284466540762637 response: 0     x:-105.6653545703588 Y: 40.284466540762637 response: 0     x:-105.6653545703588 Y: 40.284466540762637 response: 0     x:-105.6653545703588 Y: 40.284466540762637 response: 0     x:-105.6653545703588 Y: 40.284466540762637 response: 0     x:-105.6653545703588 Y: 40.284466540762637 response: 0     x:-105.6653545703588 Y: 40.284466540762637 response: 0     x:-105.6653545703588 Y: 40.284466540762637 response: 0     x:-105.6653545703588 Y: 40.284466540762637 response: 0     x:-105.6653545703588 Y: 40.284466540762637 response: 0     x:-105.6653545703588 Y: 40.284466540762637 response: 0     x:-105.6653545703588 Y: 40.284466540762637 response: 0     x:-105.6653545703588 Y: 40.284466540762637 response: 0     x:-105.6653545703588 Y: 40.284466540762637 response: 0     x:-105.6653545703588 Y: 40.284466540762637 response: 0     x:-105.6653545703588 Y: 40.284466540762637 response: 0     x:-105.6653545703588 Y: 40.284466540762637 response: 0     x:-105.6653545703588 Y: 40.284466540762637 response: 0     x:-105.6653545703588 Y: 40.284466540762637 response: 0     x:-105.6653545703588 Y: 40.284466540762637 response: 0     x:-105.6653545703588 Y: 40.284466540762637 response: 0     x:-105.6653545703588 Y: 40.284466540762637 response: 0     x:-105.6653545703588 Y: 40.284466540762637 response: 0     x:-105.6653545703588 Y: 40.284466540762637 response: 0     x:-105.6653545703588 Y: 40.284466540762637 response: 0

!!!!!!!!!!!!!!!!!!!!!!!!!!!!!!!!!!!!!!!!!!!!!!!!!!!!!!!!!!!!!
!!!!!!!!!!!!!!!!!!!!!WARNING!!!!!!!!!!!!!!!!!!!!!!!!!!!!!!!!!
3288 points had 'nodata' in at least one of the covariates.
These points will not be considered in subsequent Models.
!!!!!!!!!!!!!!!!!!!!!!!!!!!!!!!!!!!!!!!!!!!!!!!!!!!!!!!!!!!!!
!!!!!!!!!!!!!!!!!!!!!!!!!!!!!!!!!!!!!!!!!!!!!!!!!!!!!!!!!!!!!
Finished running MDSBuilder at: 06/12/2012 09:49
    The process took 7.59000015259 seconds